---
source: src/generators/generator.rs
expression: result
---
This is a test
  $ the command
  line * (glob+)

