---
source: src/generators/generator.rs
expression: result
---
# This is a test

```scrut
$ the command
an expectation
```

