---
source: src/generators/generator.rs
assertion_line: 52
expression: result
---
---
total_timeout: 2m 3s
defaults:
  timeout: 3m 4s
---

This is a test

```scrut
$ the command
new output
```

