---
source: src/generators/generator.rs
expression: result
---
This is a test
  $ echo \
  > something
  the output

