---
source: src/generators/generator.rs
expression: result
---
# This is a test

```scrut
$ echo \
> something
the output
```

