---
source: src/generators/generator.rs
expression: result
---
This is a test

```scrut
# some comment before
$ the command
new output
```

