---
source: src/renderers/pretty.rs
expression: rendered
---
// =============================================================================
// @ Line 234
// -----------------------------------------------------------------------------
// # the title
// -----------------------------------------------------------------------------
// $ the command
// =============================================================================

10  10  |   line match 10
11      | - line NOT match
    11  | + actual line
12  12  |   line match 12
...
16  16  |   line match 16
17      | - line NOT match
    17  | + actual line
18  18  |   line match 18
...


Result: 0 document(s) with 1 testcase(s): 0 succeeded, 1 failed and 0 skipped
