---
source: src/renderers/pretty.rs
expression: rendered
---
// =============================================================================
// @ Line 234
// -----------------------------------------------------------------------------
// # the title
// -----------------------------------------------------------------------------
// $ the command
// =============================================================================

+  1+ |   foo (+)
4  2  |   bar
   3  | - baz


Result: 0 file(s) with 1 test(s): 0 succeeded, 1 failed and 0 skipped
