---
source: src/renderers/pretty.rs
expression: rendered
---
// =============================================================================
// @ Line 234
// -----------------------------------------------------------------------------
// # the title
// -----------------------------------------------------------------------------
// $ the command
// =============================================================================

error: something failed


Result: 0 document(s) with 1 testcase(s): 0 succeeded, 1 failed and 0 skipped
