---
source: src/renderers/pretty.rs
expression: rendered
---
// =============================================================================
// @ Line 234
// -----------------------------------------------------------------------------
// # the title
// -----------------------------------------------------------------------------
// $ the command
// =============================================================================

1  1  |   matched
   2  | - unmatched
2     | + no match 1
3     | + no match 2


Summary: 0 file(s) with 1 test(s): 0 succeeded, 1 failed and 0 skipped

