---
source: src/renderers/pretty.rs
expression: rendered
---
// =============================================================================
// @ Line 10
// -----------------------------------------------------------------------------
// # the title
// -----------------------------------------------------------------------------
// $ the command
// =============================================================================

     1  | + bar
 2+  2  |   foo1   // foo* (glob+)
  +  3  |   foo2
  +     | â€¦ 
  + 13  |   foo12
    14  | + bar



