---
source: src/renderers/diff.rs
assertion_line: 377
expression: rendered
---
--- the location
+++ the location.new
@@ -236 +236,0 @@ malformed output: the title
-  expected line 2

